2026-05-23 10:54:18,343  dosync.db             INFO  Database initialized: /Users/rodrigo/Desktop/dosync/dosync.db
2026-05-23 10:54:18,344  dosync.db             INFO  Loaded 23 device(s) from database
2026-05-23 10:54:18,345  dosync.hub            INFO  Registered device: lock-test-01 (Cerradura test)
2026-05-23 10:54:18,345  dosync.hub            INFO  Registered device: ha-light-living_room_main (Sala — Luces principales)
2026-05-23 10:54:18,345  dosync.hub            INFO  Registered device: ha-light-bedroom_lamp (Dormitorio — Lámpara)
2026-05-23 10:54:18,345  dosync.hub            INFO  Registered device: ha-climate-main_thermostat (Termostato principal)
2026-05-23 10:54:18,345  dosync.hub            INFO  Registered device: ha-lock-front_door (Cerradura puerta principal)
2026-05-23 10:54:18,345  dosync.hub            INFO  Registered device: ha-cover-living_room_blinds (Persiana sala)
2026-05-23 10:54:18,345  dosync.hub            INFO  Registered device: ha-alarm_control_panel-main (Alarma principal)
2026-05-23 10:54:18,345  dosync.hub            INFO  Registered device: ha-binary_sensor-motion_living (Sensor movimiento sala)
2026-05-23 10:54:18,345  dosync.hub            INFO  Registered device: ha-switch-coffee_maker (Cafetera)
2026-05-23 10:54:18,345  dosync.hub            INFO  Registered device: ha-media_player-living_tv (TV sala)
2026-05-23 10:54:18,345  dosync.hub            INFO  Registered device: ha-camera-front_door (Cámara puerta principal)
2026-05-23 10:54:18,345  dosync.hub            INFO  Registered device: wiz-habitacion-ninos-01 (Habitación niños — Luz)
2026-05-23 10:54:18,345  dosync.hub            INFO  Registered device: wiz-living2-01 (Living 2 — Luz 1)
2026-05-23 10:54:18,345  dosync.hub            INFO  Registered device: wiz-living2-02 (Living 2 — Luz 2)
2026-05-23 10:54:18,345  dosync.hub            INFO  Registered device: wiz-comedor-01 (Comedor — Luz 1)
2026-05-23 10:54:18,345  dosync.hub            INFO  Registered device: wiz-cocina-01 (Cocina — Luz 1)
2026-05-23 10:54:18,345  dosync.hub            INFO  Registered device: wiz-habitacion-principal (Habitación principal — Luz)
2026-05-23 10:54:18,345  dosync.hub            INFO  Registered device: wiz-comedor-02 (Comedor — Luz 2)
2026-05-23 10:54:18,345  dosync.hub            INFO  Registered device: wiz-living1-01 (Living 1 — Luz 1)
2026-05-23 10:54:18,345  dosync.hub            INFO  Registered device: wiz-living1-02 (Living 1 — Luz 2)
2026-05-23 10:54:18,345  dosync.hub            INFO  Registered device: wiz-cocina-02 (Cocina — Luz 2)
2026-05-23 10:54:18,345  dosync.hub            INFO  Registered device: rpi-pir-01 (PIR — Sensor de movimiento)
2026-05-23 10:54:18,345  dosync.hub            INFO  Registered device: rpi-dht22-01 (DHT22 — Temperatura y Humedad)
2026-05-23 10:54:18,346  dosync.db             INFO  Loaded 101 audit log entries from database
2026-05-23 10:54:18,346  dosync.hub            INFO  Hub restored: 23 device(s), 101 audit entries
2026-05-23 10:54:18,354  dosync.adapters       INFO  Adapter registered: wiz
2026-05-23 10:54:18,357  dosync.server         INFO  AdapterExecutor initialized with WiZAdapter
2026-05-23 10:54:18,364  dosync.policies       INFO  Policy registered: contextual_weighting (priority 2)
2026-05-23 10:54:18,364  dosync.policies       INFO  Policy registered: conflict_resolution (priority 1)
2026-05-23 10:54:18,364  dosync.policies       INFO  Policy registered: never_after_hours (priority 10)
2026-05-23 10:54:18,364  dosync.policies       INFO  Policy registered: require_confirmation (priority 20)
2026-05-23 10:54:18,364  dosync.server         INFO  PolicyEngine initialized with 4 policies
2026-05-23 10:54:18,365  dosync.notifications  INFO  NotificationAdapter ready — SMS to +543513288020
2026-05-23 10:54:18,365  dosync.adapters       INFO  Adapter registered: notifications
2026-05-23 10:54:18,365  dosync.server         INFO  NotificationAdapter registered
INFO:     Started server process [91557]
INFO:     Waiting for application startup.
2026-05-23 10:54:18,396  dosync.server         INFO  DoSync Hub started on port 47200
2026-05-23 10:54:18,396  dosync.server         WARNING  === TLS/PKI: NOT CONFIGURED === Hub running on plain HTTP. Run: bash setup_pki.sh
INFO:     Application startup complete.
INFO:     Uvicorn running on http://0.0.0.0:47200 (Press CTRL+C to quit)
